../Core/Src/main.c:204:5:main	24	static
../Core/Src/main.c:289:6:SystemClock_Config	88	static
../Core/Src/main.c:335:13:MX_LPUART1_UART_Init	8	static
../Core/Src/main.c:382:13:MX_TIM1_Init	120	static
../Core/Src/main.c:464:13:MX_TIM8_Init	40	static
../Core/Src/main.c:511:13:MX_GPIO_Init	48	static
../Core/Src/main.c:582:7:HAL_TIM_PeriodElapsedCallback	32	static
../Core/Src/main.c:615:6:HAL_GPIO_EXTI_Callback	32	static
../Core/Src/main.c:704:6:set_tune	16	static
../Core/Src/main.c:804:6:control_midi	32	static
../Core/Src/main.c:843:6:play_song	128	static
../Core/Src/main.c:882:6:display	16	static
../Core/Src/main.c:1010:6:Error_Handler	4	static,ignoring_inline_asm
